
> my-v0-project@0.1.0 build
> next build

  Γû▓ Next.js 14.2.16

   Creating an optimized production build ...
node.exe : Failed to 
compile.
At line:1 char:1
+ & "C:\Program 
Files\nodejs/node.exe" 
"C:\Program 
Files\nodejs/node_mo ...
+ ~~~~~~~~~~~~~~~~~~~~~~~~~~
~~~~~~~~~~~~~~~~~~~~~~~~~~~~
~~~~~~~~~~~~~~~
    + CategoryInfo          
    : NotSpecified: (Faile  
  d to compile.:String) [   
 ], RemoteException
    + FullyQualifiedErrorId 
    : NativeCommandError
 

./app/[orgName]/modules/user
s/page.tsx
Module not found: Can't 
resolve 
'@/components/sub-header'

https://nextjs.org/docs/mess
ages/module-not-found

./app/org-invites/Invitation
sPage.tsx
Module not found: Can't 
resolve 
'@/components/sub-header'

https://nextjs.org/docs/mess
ages/module-not-found


> Build failed because of 
webpack errors
