src/app/hrmcubicle/organization/departments/[id]/page.tsx(28,24): error TS2307: Cannot find module '@/shared/components/ui/button' or its corresponding type declarations.
src/app/hrmcubicle/organization/departments/[id]/page.tsx(29,75): error TS2307: Cannot find module '@/shared/components/ui/card' or its corresponding type declarations.
src/app/hrmcubicle/organization/departments/[id]/page.tsx(30,58): error TS2307: Cannot find module '@/shared/components/ui/tabs' or its corresponding type declarations.
src/app/hrmcubicle/organization/departments/[id]/page.tsx(31,23): error TS2307: Cannot find module '@/shared/components/ui/input' or its corresponding type declarations.
src/app/hrmcubicle/organization/departments/[id]/page.tsx(32,23): error TS2307: Cannot find module '@/shared/components/ui/badge' or its corresponding type declarations.
src/app/hrmcubicle/organization/departments/[id]/page.tsx(33,53): error TS2307: Cannot find module '@/shared/components/ui/avatar' or its corresponding type declarations.
src/app/hrmcubicle/organization/departments/[id]/page.tsx(34,26): error TS2307: Cannot find module '@/shared/components/ui/progress' or its corresponding type declarations.
src/app/hrmcubicle/organization/departments/[id]/page.tsx(35,26): error TS2307: Cannot find module '@/shared/components/ui/use-toast' or its corresponding type declarations.
src/app/hrmcubicle/organization/departments/[id]/page.tsx(41,8): error TS2307: Cannot find module '@/shared/components/ui/dropdown-menu' or its corresponding type declarations.
src/app/hrmcubicle/organization/departments/[id]/page.tsx(49,8): error TS2307: Cannot find module '@/shared/components/ui/dialog' or its corresponding type declarations.
src/app/hrmcubicle/organization/departments/[id]/page.tsx(50,23): error TS2307: Cannot find module '@/shared/components/ui/label' or its corresponding type declarations.
src/app/hrmcubicle/organization/departments/[id]/page.tsx(51,26): error TS2307: Cannot find module '@/shared/components/ui/textarea' or its corresponding type declarations.
src/app/hrmcubicle/organization/departments/[id]/page.tsx(52,79): error TS2307: Cannot find module '@/shared/components/ui/select' or its corresponding type declarations.
